{
  "code" : "OK",
  "description" : "Ok",
  "detail" : "Documento eliminato correttamente"
}