{
  "code" : "NOT_FOUND",
  "description" : "Non trovato",
  "detail" : "Documento non trovato"
}