{
  "id" : 1,
  "name" : "doc-1",
  "description" : "Contratto vita",
  "data" : "2022-01-01",
  "updateBy" : "Ugo"
}