{
  "code" : "BUSINESS_ERROR",
  "description" : "Errore generico",
  "detail" : "Id documento deve essere null in inserimento"
}