{
  "code" : "OK",
  "description" : "Ok",
  "detail" : "Documento inserito correttamente"
}