{
  "id" : 4,
  "name" : "doc-5",
  "description" : "Contratto vita - prova inserimento",
  "data" : "2022-01-01",
  "updateBy" : "admin"
}